// Jest Snapshot v1, https://goo.gl/fbAQLP

exports[`Desafio5 Deve ser Renderizado com os valores correto 2 1`] = `
Object {
  "asFragment": [Function],
  "baseElement": <body>
    <div>
      <button
        data-testid="btn1"
      >
        adiciona + 1 item na lista
      </button>
      <span
        data-testid="size"
      >
        10
      </span>
      <ul>
        <li>
          <button>
            adiciona + 1 na contagem do item 
            0
          </button>
          <p>
            contagem: 
            0
             é 
            Par
          </p>
          <p>
            renderizou: 
            1
          </p>
        </li>
        <li>
          <button>
            adiciona + 1 na contagem do item 
            1
          </button>
          <p>
            contagem: 
            0
             é 
            Par
          </p>
          <p>
            renderizou: 
            1
          </p>
        </li>
        <li>
          <button>
            adiciona + 1 na contagem do item 
            2
          </button>
          <p>
            contagem: 
            0
             é 
            Par
          </p>
          <p>
            renderizou: 
            1
          </p>
        </li>
        <li>
          <button>
            adiciona + 1 na contagem do item 
            3
          </button>
          <p>
            contagem: 
            0
             é 
            Par
          </p>
          <p>
            renderizou: 
            1
          </p>
        </li>
        <li>
          <button>
            adiciona + 1 na contagem do item 
            4
          </button>
          <p>
            contagem: 
            0
             é 
            Par
          </p>
          <p>
            renderizou: 
            1
          </p>
        </li>
        <li>
          <button>
            adiciona + 1 na contagem do item 
            5
          </button>
          <p>
            contagem: 
            0
             é 
            Par
          </p>
          <p>
            renderizou: 
            1
          </p>
        </li>
        <li>
          <button>
            adiciona + 1 na contagem do item 
            6
          </button>
          <p>
            contagem: 
            0
             é 
            Par
          </p>
          <p>
            renderizou: 
            1
          </p>
        </li>
        <li>
          <button>
            adiciona + 1 na contagem do item 
            7
          </button>
          <p>
            contagem: 
            0
             é 
            Par
          </p>
          <p>
            renderizou: 
            1
          </p>
        </li>
        <li>
          <button>
            adiciona + 1 na contagem do item 
            8
          </button>
          <p>
            contagem: 
            0
             é 
            Par
          </p>
          <p>
            renderizou: 
            1
          </p>
        </li>
        <li>
          <button>
            adiciona + 1 na contagem do item 
            9
          </button>
          <p>
            contagem: 
            0
             é 
            Par
          </p>
          <p>
            renderizou: 
            1
          </p>
        </li>
      </ul>
      <p>
        11
         é  
        Impar
      </p>
    </div>
  </body>,
  "container": <div>
    <button
      data-testid="btn1"
    >
      adiciona + 1 item na lista
    </button>
    <span
      data-testid="size"
    >
      10
    </span>
    <ul>
      <li>
        <button>
          adiciona + 1 na contagem do item 
          0
        </button>
        <p>
          contagem: 
          0
           é 
          Par
        </p>
        <p>
          renderizou: 
          1
        </p>
      </li>
      <li>
        <button>
          adiciona + 1 na contagem do item 
          1
        </button>
        <p>
          contagem: 
          0
           é 
          Par
        </p>
        <p>
          renderizou: 
          1
        </p>
      </li>
      <li>
        <button>
          adiciona + 1 na contagem do item 
          2
        </button>
        <p>
          contagem: 
          0
           é 
          Par
        </p>
        <p>
          renderizou: 
          1
        </p>
      </li>
      <li>
        <button>
          adiciona + 1 na contagem do item 
          3
        </button>
        <p>
          contagem: 
          0
           é 
          Par
        </p>
        <p>
          renderizou: 
          1
        </p>
      </li>
      <li>
        <button>
          adiciona + 1 na contagem do item 
          4
        </button>
        <p>
          contagem: 
          0
           é 
          Par
        </p>
        <p>
          renderizou: 
          1
        </p>
      </li>
      <li>
        <button>
          adiciona + 1 na contagem do item 
          5
        </button>
        <p>
          contagem: 
          0
           é 
          Par
        </p>
        <p>
          renderizou: 
          1
        </p>
      </li>
      <li>
        <button>
          adiciona + 1 na contagem do item 
          6
        </button>
        <p>
          contagem: 
          0
           é 
          Par
        </p>
        <p>
          renderizou: 
          1
        </p>
      </li>
      <li>
        <button>
          adiciona + 1 na contagem do item 
          7
        </button>
        <p>
          contagem: 
          0
           é 
          Par
        </p>
        <p>
          renderizou: 
          1
        </p>
      </li>
      <li>
        <button>
          adiciona + 1 na contagem do item 
          8
        </button>
        <p>
          contagem: 
          0
           é 
          Par
        </p>
        <p>
          renderizou: 
          1
        </p>
      </li>
      <li>
        <button>
          adiciona + 1 na contagem do item 
          9
        </button>
        <p>
          contagem: 
          0
           é 
          Par
        </p>
        <p>
          renderizou: 
          1
        </p>
      </li>
    </ul>
    <p>
      11
       é  
      Impar
    </p>
  </div>,
  "debug": [Function],
  "findAllByAltText": [Function],
  "findAllByDisplayValue": [Function],
  "findAllByLabelText": [Function],
  "findAllByPlaceholderText": [Function],
  "findAllByRole": [Function],
  "findAllByTestId": [Function],
  "findAllByText": [Function],
  "findAllByTitle": [Function],
  "findByAltText": [Function],
  "findByDisplayValue": [Function],
  "findByLabelText": [Function],
  "findByPlaceholderText": [Function],
  "findByRole": [Function],
  "findByTestId": [Function],
  "findByText": [Function],
  "findByTitle": [Function],
  "getAllByAltText": [Function],
  "getAllByDisplayValue": [Function],
  "getAllByLabelText": [Function],
  "getAllByPlaceholderText": [Function],
  "getAllByRole": [Function],
  "getAllByTestId": [Function],
  "getAllByText": [Function],
  "getAllByTitle": [Function],
  "getByAltText": [Function],
  "getByDisplayValue": [Function],
  "getByLabelText": [Function],
  "getByPlaceholderText": [Function],
  "getByRole": [Function],
  "getByTestId": [Function],
  "getByText": [Function],
  "getByTitle": [Function],
  "queryAllByAltText": [Function],
  "queryAllByDisplayValue": [Function],
  "queryAllByLabelText": [Function],
  "queryAllByPlaceholderText": [Function],
  "queryAllByRole": [Function],
  "queryAllByTestId": [Function],
  "queryAllByText": [Function],
  "queryAllByTitle": [Function],
  "queryByAltText": [Function],
  "queryByDisplayValue": [Function],
  "queryByLabelText": [Function],
  "queryByPlaceholderText": [Function],
  "queryByRole": [Function],
  "queryByTestId": [Function],
  "queryByText": [Function],
  "queryByTitle": [Function],
  "rerender": [Function],
  "unmount": [Function],
}
`;

exports[`Desafio5 Deve ser Renderizado com os valores corretos 1 1`] = `
Object {
  "asFragment": [Function],
  "baseElement": <body>
    <div>
      <button
        data-testid="btn1"
      >
        adiciona + 1 item na lista
      </button>
      <span
        data-testid="size"
      >
        8
      </span>
      <ul>
        <li>
          <button>
            adiciona + 1 na contagem do item 
            0
          </button>
          <p>
            contagem: 
            0
             é 
            Par
          </p>
          <p>
            renderizou: 
            1
          </p>
        </li>
        <li>
          <button>
            adiciona + 1 na contagem do item 
            1
          </button>
          <p>
            contagem: 
            0
             é 
            Par
          </p>
          <p>
            renderizou: 
            1
          </p>
        </li>
        <li>
          <button>
            adiciona + 1 na contagem do item 
            2
          </button>
          <p>
            contagem: 
            0
             é 
            Par
          </p>
          <p>
            renderizou: 
            1
          </p>
        </li>
        <li>
          <button>
            adiciona + 1 na contagem do item 
            3
          </button>
          <p>
            contagem: 
            0
             é 
            Par
          </p>
          <p>
            renderizou: 
            1
          </p>
        </li>
        <li>
          <button>
            adiciona + 1 na contagem do item 
            4
          </button>
          <p>
            contagem: 
            0
             é 
            Par
          </p>
          <p>
            renderizou: 
            1
          </p>
        </li>
        <li>
          <button>
            adiciona + 1 na contagem do item 
            5
          </button>
          <p>
            contagem: 
            0
             é 
            Par
          </p>
          <p>
            renderizou: 
            1
          </p>
        </li>
        <li>
          <button>
            adiciona + 1 na contagem do item 
            6
          </button>
          <p>
            contagem: 
            0
             é 
            Par
          </p>
          <p>
            renderizou: 
            1
          </p>
        </li>
        <li>
          <button>
            adiciona + 1 na contagem do item 
            7
          </button>
          <p>
            contagem: 
            0
             é 
            Par
          </p>
          <p>
            renderizou: 
            1
          </p>
        </li>
      </ul>
      <p>
        9
         é  
        Impar
      </p>
    </div>
  </body>,
  "container": <div>
    <button
      data-testid="btn1"
    >
      adiciona + 1 item na lista
    </button>
    <span
      data-testid="size"
    >
      8
    </span>
    <ul>
      <li>
        <button>
          adiciona + 1 na contagem do item 
          0
        </button>
        <p>
          contagem: 
          0
           é 
          Par
        </p>
        <p>
          renderizou: 
          1
        </p>
      </li>
      <li>
        <button>
          adiciona + 1 na contagem do item 
          1
        </button>
        <p>
          contagem: 
          0
           é 
          Par
        </p>
        <p>
          renderizou: 
          1
        </p>
      </li>
      <li>
        <button>
          adiciona + 1 na contagem do item 
          2
        </button>
        <p>
          contagem: 
          0
           é 
          Par
        </p>
        <p>
          renderizou: 
          1
        </p>
      </li>
      <li>
        <button>
          adiciona + 1 na contagem do item 
          3
        </button>
        <p>
          contagem: 
          0
           é 
          Par
        </p>
        <p>
          renderizou: 
          1
        </p>
      </li>
      <li>
        <button>
          adiciona + 1 na contagem do item 
          4
        </button>
        <p>
          contagem: 
          0
           é 
          Par
        </p>
        <p>
          renderizou: 
          1
        </p>
      </li>
      <li>
        <button>
          adiciona + 1 na contagem do item 
          5
        </button>
        <p>
          contagem: 
          0
           é 
          Par
        </p>
        <p>
          renderizou: 
          1
        </p>
      </li>
      <li>
        <button>
          adiciona + 1 na contagem do item 
          6
        </button>
        <p>
          contagem: 
          0
           é 
          Par
        </p>
        <p>
          renderizou: 
          1
        </p>
      </li>
      <li>
        <button>
          adiciona + 1 na contagem do item 
          7
        </button>
        <p>
          contagem: 
          0
           é 
          Par
        </p>
        <p>
          renderizou: 
          1
        </p>
      </li>
    </ul>
    <p>
      9
       é  
      Impar
    </p>
  </div>,
  "debug": [Function],
  "findAllByAltText": [Function],
  "findAllByDisplayValue": [Function],
  "findAllByLabelText": [Function],
  "findAllByPlaceholderText": [Function],
  "findAllByRole": [Function],
  "findAllByTestId": [Function],
  "findAllByText": [Function],
  "findAllByTitle": [Function],
  "findByAltText": [Function],
  "findByDisplayValue": [Function],
  "findByLabelText": [Function],
  "findByPlaceholderText": [Function],
  "findByRole": [Function],
  "findByTestId": [Function],
  "findByText": [Function],
  "findByTitle": [Function],
  "getAllByAltText": [Function],
  "getAllByDisplayValue": [Function],
  "getAllByLabelText": [Function],
  "getAllByPlaceholderText": [Function],
  "getAllByRole": [Function],
  "getAllByTestId": [Function],
  "getAllByText": [Function],
  "getAllByTitle": [Function],
  "getByAltText": [Function],
  "getByDisplayValue": [Function],
  "getByLabelText": [Function],
  "getByPlaceholderText": [Function],
  "getByRole": [Function],
  "getByTestId": [Function],
  "getByText": [Function],
  "getByTitle": [Function],
  "queryAllByAltText": [Function],
  "queryAllByDisplayValue": [Function],
  "queryAllByLabelText": [Function],
  "queryAllByPlaceholderText": [Function],
  "queryAllByRole": [Function],
  "queryAllByTestId": [Function],
  "queryAllByText": [Function],
  "queryAllByTitle": [Function],
  "queryByAltText": [Function],
  "queryByDisplayValue": [Function],
  "queryByLabelText": [Function],
  "queryByPlaceholderText": [Function],
  "queryByRole": [Function],
  "queryByTestId": [Function],
  "queryByText": [Function],
  "queryByTitle": [Function],
  "rerender": [Function],
  "unmount": [Function],
}
`;
