// Jest Snapshot v1, https://goo.gl/fbAQLP

exports[`Desafio4 Deve ser Renderizado com os valores corretos 1 1`] = `
Object {
  "asFragment": [Function],
  "baseElement": <body>
    <div>
      <button
        data-testid="btn1"
      >
        adiciona + 1 na contagem 1
      </button>
      <br />
      <button
        data-testid="btn2"
      >
        adiciona + 1 na contagem 2
      </button>
      <br />
      <button
        data-testid="btn3"
      >
        adiciona + 1 na contagem 3
      </button>
      <br />
      <p
        data-testid="v1"
      >
        v1: 
        5
      </p>
      <p
        data-testid="v2"
      >
        v2: 
        3
      </p>
      <p
        data-testid="v3"
      >
        v3: 
        2
      </p>
      <p
        data-testid="total"
      >
        total: 
        10
      </p>
      <p
        data-testid="length"
      >
        tamanho da lista: 
        11
      </p>
    </div>
  </body>,
  "container": <div>
    <button
      data-testid="btn1"
    >
      adiciona + 1 na contagem 1
    </button>
    <br />
    <button
      data-testid="btn2"
    >
      adiciona + 1 na contagem 2
    </button>
    <br />
    <button
      data-testid="btn3"
    >
      adiciona + 1 na contagem 3
    </button>
    <br />
    <p
      data-testid="v1"
    >
      v1: 
      5
    </p>
    <p
      data-testid="v2"
    >
      v2: 
      3
    </p>
    <p
      data-testid="v3"
    >
      v3: 
      2
    </p>
    <p
      data-testid="total"
    >
      total: 
      10
    </p>
    <p
      data-testid="length"
    >
      tamanho da lista: 
      11
    </p>
  </div>,
  "debug": [Function],
  "findAllByAltText": [Function],
  "findAllByDisplayValue": [Function],
  "findAllByLabelText": [Function],
  "findAllByPlaceholderText": [Function],
  "findAllByRole": [Function],
  "findAllByTestId": [Function],
  "findAllByText": [Function],
  "findAllByTitle": [Function],
  "findByAltText": [Function],
  "findByDisplayValue": [Function],
  "findByLabelText": [Function],
  "findByPlaceholderText": [Function],
  "findByRole": [Function],
  "findByTestId": [Function],
  "findByText": [Function],
  "findByTitle": [Function],
  "getAllByAltText": [Function],
  "getAllByDisplayValue": [Function],
  "getAllByLabelText": [Function],
  "getAllByPlaceholderText": [Function],
  "getAllByRole": [Function],
  "getAllByTestId": [Function],
  "getAllByText": [Function],
  "getAllByTitle": [Function],
  "getByAltText": [Function],
  "getByDisplayValue": [Function],
  "getByLabelText": [Function],
  "getByPlaceholderText": [Function],
  "getByRole": [Function],
  "getByTestId": [Function],
  "getByText": [Function],
  "getByTitle": [Function],
  "queryAllByAltText": [Function],
  "queryAllByDisplayValue": [Function],
  "queryAllByLabelText": [Function],
  "queryAllByPlaceholderText": [Function],
  "queryAllByRole": [Function],
  "queryAllByTestId": [Function],
  "queryAllByText": [Function],
  "queryAllByTitle": [Function],
  "queryByAltText": [Function],
  "queryByDisplayValue": [Function],
  "queryByLabelText": [Function],
  "queryByPlaceholderText": [Function],
  "queryByRole": [Function],
  "queryByTestId": [Function],
  "queryByText": [Function],
  "queryByTitle": [Function],
  "rerender": [Function],
  "unmount": [Function],
}
`;

exports[`Desafio4 Deve ser Renderizado com os valores corretos 2 1`] = `
Object {
  "asFragment": [Function],
  "baseElement": <body>
    <div>
      <button
        data-testid="btn1"
      >
        adiciona + 1 na contagem 1
      </button>
      <br />
      <button
        data-testid="btn2"
      >
        adiciona + 1 na contagem 2
      </button>
      <br />
      <button
        data-testid="btn3"
      >
        adiciona + 1 na contagem 3
      </button>
      <br />
      <p
        data-testid="v1"
      >
        v1: 
        3
      </p>
      <p
        data-testid="v2"
      >
        v2: 
        2
      </p>
      <p
        data-testid="v3"
      >
        v3: 
        2
      </p>
      <p
        data-testid="total"
      >
        total: 
        7
      </p>
      <p
        data-testid="length"
      >
        tamanho da lista: 
        8
      </p>
    </div>
  </body>,
  "container": <div>
    <button
      data-testid="btn1"
    >
      adiciona + 1 na contagem 1
    </button>
    <br />
    <button
      data-testid="btn2"
    >
      adiciona + 1 na contagem 2
    </button>
    <br />
    <button
      data-testid="btn3"
    >
      adiciona + 1 na contagem 3
    </button>
    <br />
    <p
      data-testid="v1"
    >
      v1: 
      3
    </p>
    <p
      data-testid="v2"
    >
      v2: 
      2
    </p>
    <p
      data-testid="v3"
    >
      v3: 
      2
    </p>
    <p
      data-testid="total"
    >
      total: 
      7
    </p>
    <p
      data-testid="length"
    >
      tamanho da lista: 
      8
    </p>
  </div>,
  "debug": [Function],
  "findAllByAltText": [Function],
  "findAllByDisplayValue": [Function],
  "findAllByLabelText": [Function],
  "findAllByPlaceholderText": [Function],
  "findAllByRole": [Function],
  "findAllByTestId": [Function],
  "findAllByText": [Function],
  "findAllByTitle": [Function],
  "findByAltText": [Function],
  "findByDisplayValue": [Function],
  "findByLabelText": [Function],
  "findByPlaceholderText": [Function],
  "findByRole": [Function],
  "findByTestId": [Function],
  "findByText": [Function],
  "findByTitle": [Function],
  "getAllByAltText": [Function],
  "getAllByDisplayValue": [Function],
  "getAllByLabelText": [Function],
  "getAllByPlaceholderText": [Function],
  "getAllByRole": [Function],
  "getAllByTestId": [Function],
  "getAllByText": [Function],
  "getAllByTitle": [Function],
  "getByAltText": [Function],
  "getByDisplayValue": [Function],
  "getByLabelText": [Function],
  "getByPlaceholderText": [Function],
  "getByRole": [Function],
  "getByTestId": [Function],
  "getByText": [Function],
  "getByTitle": [Function],
  "queryAllByAltText": [Function],
  "queryAllByDisplayValue": [Function],
  "queryAllByLabelText": [Function],
  "queryAllByPlaceholderText": [Function],
  "queryAllByRole": [Function],
  "queryAllByTestId": [Function],
  "queryAllByText": [Function],
  "queryAllByTitle": [Function],
  "queryByAltText": [Function],
  "queryByDisplayValue": [Function],
  "queryByLabelText": [Function],
  "queryByPlaceholderText": [Function],
  "queryByRole": [Function],
  "queryByTestId": [Function],
  "queryByText": [Function],
  "queryByTitle": [Function],
  "rerender": [Function],
  "unmount": [Function],
}
`;
